// Jest Snapshot v1, https://goo.gl/fbAQLP

exports[`Docs page renders 1`] = `
<Fragment>
  <DocsContainer />
</Fragment>
`;
