// Jest Snapshot v1, https://goo.gl/fbAQLP

exports[`Header component renders 1`] = `
<header
  className="Header"
>
  <a
    className="name"
    href="/"
  >
    Hello and welcome!
  </a>
  <ul>
    <li>
      <a
        href="/#portfolio"
      >
        Portfolio
      </a>
    </li>
    <li>
      <a
        href="/#contact"
      >
        Contact
      </a>
    </li>
  </ul>
</header>
`;
